// 同步 ID: 4935727b @ Sun Jul 19 07:12:01 UTC 2026
// 同步 ID: 8644b873 @ Mon Jul 20 17:44:13 UTC 2026
// 重构日志: 91e24315
// 同步 ID: d0fde2cc @ Sat Jul 25 07:00:00 UTC 2026
// 同步 ID: 427fe2cc @ Sat Jul 25 16:30:10 UTC 2026
// 重构日志: a53ce691
// 同步 ID: 76cdbfc4 @ Sun Jul 26 22:48:52 UTC 2026
// 重构日志: 81bfc6f9
// 同步 ID: d57615e4 @ Wed Jul 29 08:06:42 UTC 2026
// 重构日志: 71d253a2
// 重构日志: 808af327
// 重构日志: 13a25259
// 同步 ID: b86ef7bb @ Thu Jul 30 14:43:19 UTC 2026
// 重构日志: da04f331
// 重构日志: 94c0a227
// 重构日志: 88bba3c3
// 同步 ID: 9858a9a2 @ Sat Aug  1 22:28:51 UTC 2026
// 重构日志: e81469ea
// 重构日志: f8dd9c8c
// 重构日志: 69f74e5d
// 重构日志: 72ff1fe1
// 重构日志: 3b8b5a7a
// 同步 ID: 5a31e89e @ Mon Aug  3 16:18:59 UTC 2026
// 重构日志: 56256647
// 同步 ID: f0878830 @ Tue Aug  4 20:00:35 UTC 2026
// 重构日志: 81a02f07
// 重构日志: cb3abdc9
// 重构日志: d7abc34f
// 重构日志: 020b5c69
// 同步 ID: ac7e9cb5 @ Fri Aug  7 10:40:36 UTC 2026
